// Jest Snapshot v1, https://goo.gl/fbAQLP

exports[`is HFUI always renders correct 1`] = `null`;
